=== RUN   TestShouldOpenAndCommitTransactionGivenValidRouteWhenBeginCalled
=== RUN   TestShouldOpenAndCommitTransactionGivenValidRouteWhenBeginCalled/tcp
    kv_test.go:47: 
        	Error Trace:	D:/repos/cntryl/cntryl-go/test/kv_test.go:47
        	            				D:/repos/cntryl/cntryl-go/test/fixture/transport.go:24
        	Error:      	Received unexpected error:
        	            	commit timed out waiting for broker acknowledgement
        	Test:       	TestShouldOpenAndCommitTransactionGivenValidRouteWhenBeginCalled/tcp
        	Messages:   	Commit failed
=== RUN   TestShouldOpenAndCommitTransactionGivenValidRouteWhenBeginCalled/ws
    kv_test.go:47: 
        	Error Trace:	D:/repos/cntryl/cntryl-go/test/kv_test.go:47
        	            				D:/repos/cntryl/cntryl-go/test/fixture/transport.go:24
        	Error:      	Received unexpected error:
        	            	commit timed out waiting for broker acknowledgement
        	Test:       	TestShouldOpenAndCommitTransactionGivenValidRouteWhenBeginCalled/ws
        	Messages:   	Commit failed
--- FAIL: TestShouldOpenAndCommitTransactionGivenValidRouteWhenBeginCalled (10.54s)
    --- FAIL: TestShouldOpenAndCommitTransactionGivenValidRouteWhenBeginCalled/tcp (5.26s)
    --- FAIL: TestShouldOpenAndCommitTransactionGivenValidRouteWhenBeginCalled/ws (5.28s)
=== RUN   TestShouldReadValueGivenExistingKeyWhenGetCalled
=== RUN   TestShouldReadValueGivenExistingKeyWhenGetCalled/tcp
    kv_test.go:80: 
        	Error Trace:	D:/repos/cntryl/cntryl-go/test/kv_test.go:80
        	            				D:/repos/cntryl/cntryl-go/test/fixture/transport.go:24
        	Error:      	Received unexpected error:
        	            	commit timed out waiting for broker acknowledgement
        	Test:       	TestShouldReadValueGivenExistingKeyWhenGetCalled/tcp
=== RUN   TestShouldReadValueGivenExistingKeyWhenGetCalled/ws
    kv_test.go:80: 
        	Error Trace:	D:/repos/cntryl/cntryl-go/test/kv_test.go:80
        	            				D:/repos/cntryl/cntryl-go/test/fixture/transport.go:24
        	Error:      	Received unexpected error:
        	            	commit timed out waiting for broker acknowledgement
        	Test:       	TestShouldReadValueGivenExistingKeyWhenGetCalled/ws
--- FAIL: TestShouldReadValueGivenExistingKeyWhenGetCalled (10.52s)
    --- FAIL: TestShouldReadValueGivenExistingKeyWhenGetCalled/tcp (5.26s)
    --- FAIL: TestShouldReadValueGivenExistingKeyWhenGetCalled/ws (5.26s)
=== RUN   TestShouldReturnNotFoundGivenNonExistentKeyWhenGetCalled
=== RUN   TestShouldReturnNotFoundGivenNonExistentKeyWhenGetCalled/tcp
    kv_test.go:118: 
        	Error Trace:	D:/repos/cntryl/cntryl-go/test/kv_test.go:118
        	            				D:/repos/cntryl/cntryl-go/test/fixture/transport.go:24
        	Error:      	Received unexpected error:
        	            	context deadline exceeded
        	Test:       	TestShouldReturnNotFoundGivenNonExistentKeyWhenGetCalled/tcp
        	Messages:   	Get should not error for missing keys
=== RUN   TestShouldReturnNotFoundGivenNonExistentKeyWhenGetCalled/ws
    kv_test.go:118: 
        	Error Trace:	D:/repos/cntryl/cntryl-go/test/kv_test.go:118
        	            				D:/repos/cntryl/cntryl-go/test/fixture/transport.go:24
        	Error:      	Received unexpected error:
        	            	context deadline exceeded
        	Test:       	TestShouldReturnNotFoundGivenNonExistentKeyWhenGetCalled/ws
        	Messages:   	Get should not error for missing keys
--- FAIL: TestShouldReturnNotFoundGivenNonExistentKeyWhenGetCalled (20.00s)
    --- FAIL: TestShouldReturnNotFoundGivenNonExistentKeyWhenGetCalled/tcp (10.00s)
    --- FAIL: TestShouldReturnNotFoundGivenNonExistentKeyWhenGetCalled/ws (10.00s)
=== RUN   TestShouldWriteValueGivenValidKeyWhenPutCalled
=== RUN   TestShouldWriteValueGivenValidKeyWhenPutCalled/tcp
    kv_test.go:151: 
        	Error Trace:	D:/repos/cntryl/cntryl-go/test/kv_test.go:151
        	            				D:/repos/cntryl/cntryl-go/test/fixture/transport.go:24
        	Error:      	Received unexpected error:
        	            	context deadline exceeded
        	Test:       	TestShouldWriteValueGivenValidKeyWhenPutCalled/tcp
=== RUN   TestShouldWriteValueGivenValidKeyWhenPutCalled/ws
    kv_test.go:151: 
        	Error Trace:	D:/repos/cntryl/cntryl-go/test/kv_test.go:151
        	            				D:/repos/cntryl/cntryl-go/test/fixture/transport.go:24
        	Error:      	Received unexpected error:
        	            	context deadline exceeded
        	Test:       	TestShouldWriteValueGivenValidKeyWhenPutCalled/ws
--- FAIL: TestShouldWriteValueGivenValidKeyWhenPutCalled (20.00s)
    --- FAIL: TestShouldWriteValueGivenValidKeyWhenPutCalled/tcp (10.00s)
    --- FAIL: TestShouldWriteValueGivenValidKeyWhenPutCalled/ws (10.00s)
=== RUN   TestShouldInsertNewKeyGivenNonExistentKeyWhenInsertCalled
=== RUN   TestShouldInsertNewKeyGivenNonExistentKeyWhenInsertCalled/tcp
    kv_test.go:186: 
        	Error Trace:	D:/repos/cntryl/cntryl-go/test/kv_test.go:186
        	            				D:/repos/cntryl/cntryl-go/test/fixture/transport.go:24
        	Error:      	Received unexpected error:
        	            	context deadline exceeded
        	Test:       	TestShouldInsertNewKeyGivenNonExistentKeyWhenInsertCalled/tcp
=== RUN   TestShouldInsertNewKeyGivenNonExistentKeyWhenInsertCalled/ws
    kv_test.go:186: 
        	Error Trace:	D:/repos/cntryl/cntryl-go/test/kv_test.go:186
        	            				D:/repos/cntryl/cntryl-go/test/fixture/transport.go:24
        	Error:      	Received unexpected error:
        	            	context deadline exceeded
        	Test:       	TestShouldInsertNewKeyGivenNonExistentKeyWhenInsertCalled/ws
--- FAIL: TestShouldInsertNewKeyGivenNonExistentKeyWhenInsertCalled (20.00s)
    --- FAIL: TestShouldInsertNewKeyGivenNonExistentKeyWhenInsertCalled/tcp (10.00s)
    --- FAIL: TestShouldInsertNewKeyGivenNonExistentKeyWhenInsertCalled/ws (10.00s)
=== RUN   TestShouldFailGivenExistingKeyWhenInsertCalled
=== RUN   TestShouldFailGivenExistingKeyWhenInsertCalled/tcp
    kv_test.go:215: 
        	Error Trace:	D:/repos/cntryl/cntryl-go/test/kv_test.go:215
        	            				D:/repos/cntryl/cntryl-go/test/fixture/transport.go:24
        	Error:      	Received unexpected error:
        	            	commit timed out waiting for broker acknowledgement
        	Test:       	TestShouldFailGivenExistingKeyWhenInsertCalled/tcp
=== RUN   TestShouldFailGivenExistingKeyWhenInsertCalled/ws
    kv_test.go:215: 
        	Error Trace:	D:/repos/cntryl/cntryl-go/test/kv_test.go:215
        	            				D:/repos/cntryl/cntryl-go/test/fixture/transport.go:24
        	Error:      	Received unexpected error:
        	            	commit timed out waiting for broker acknowledgement
        	Test:       	TestShouldFailGivenExistingKeyWhenInsertCalled/ws
--- FAIL: TestShouldFailGivenExistingKeyWhenInsertCalled (10.52s)
    --- FAIL: TestShouldFailGivenExistingKeyWhenInsertCalled/tcp (5.26s)
    --- FAIL: TestShouldFailGivenExistingKeyWhenInsertCalled/ws (5.26s)
=== RUN   TestShouldDeleteKeyGivenExistingKeyWhenDeleteCalled
=== RUN   TestShouldDeleteKeyGivenExistingKeyWhenDeleteCalled/tcp
    kv_test.go:248: 
        	Error Trace:	D:/repos/cntryl/cntryl-go/test/kv_test.go:248
        	            				D:/repos/cntryl/cntryl-go/test/fixture/transport.go:24
        	Error:      	Received unexpected error:
        	            	commit timed out waiting for broker acknowledgement
        	Test:       	TestShouldDeleteKeyGivenExistingKeyWhenDeleteCalled/tcp
=== RUN   TestShouldDeleteKeyGivenExistingKeyWhenDeleteCalled/ws
    kv_test.go:248: 
        	Error Trace:	D:/repos/cntryl/cntryl-go/test/kv_test.go:248
        	            				D:/repos/cntryl/cntryl-go/test/fixture/transport.go:24
        	Error:      	Received unexpected error:
        	            	commit timed out waiting for broker acknowledgement
        	Test:       	TestShouldDeleteKeyGivenExistingKeyWhenDeleteCalled/ws
--- FAIL: TestShouldDeleteKeyGivenExistingKeyWhenDeleteCalled (10.52s)
    --- FAIL: TestShouldDeleteKeyGivenExistingKeyWhenDeleteCalled/tcp (5.26s)
    --- FAIL: TestShouldDeleteKeyGivenExistingKeyWhenDeleteCalled/ws (5.26s)
=== RUN   TestShouldScanKeysInOrderGivenRangeWhenScanCalled
=== RUN   TestShouldScanKeysInOrderGivenRangeWhenScanCalled/tcp
    kv_test.go:289: 
        	Error Trace:	D:/repos/cntryl/cntryl-go/test/kv_test.go:289
        	            				D:/repos/cntryl/cntryl-go/test/fixture/transport.go:24
        	Error:      	Received unexpected error:
        	            	commit timed out waiting for broker acknowledgement
        	Test:       	TestShouldScanKeysInOrderGivenRangeWhenScanCalled/tcp
=== RUN   TestShouldScanKeysInOrderGivenRangeWhenScanCalled/ws
    kv_test.go:289: 
        	Error Trace:	D:/repos/cntryl/cntryl-go/test/kv_test.go:289
        	            				D:/repos/cntryl/cntryl-go/test/fixture/transport.go:24
        	Error:      	Received unexpected error:
        	            	commit timed out waiting for broker acknowledgement
        	Test:       	TestShouldScanKeysInOrderGivenRangeWhenScanCalled/ws
--- FAIL: TestShouldScanKeysInOrderGivenRangeWhenScanCalled (10.52s)
    --- FAIL: TestShouldScanKeysInOrderGivenRangeWhenScanCalled/tcp (5.26s)
    --- FAIL: TestShouldScanKeysInOrderGivenRangeWhenScanCalled/ws (5.26s)
=== RUN   TestShouldRollbackChangesGivenActiveTransactionWhenRollbackCalled
=== RUN   TestShouldRollbackChangesGivenActiveTransactionWhenRollbackCalled/tcp
panic: test timed out after 2m0s
	running tests:
		TestShouldRollbackChangesGivenActiveTransactionWhenRollbackCalled (7s)
		TestShouldRollbackChangesGivenActiveTransactionWhenRollbackCalled/tcp (7s)

goroutine 224 [running]:
testing.(*M).startAlarm.func1()
	C:/Program Files/Go/src/testing/testing.go:2682 +0x345
created by time.goFunc
	C:/Program Files/Go/src/time/sleep.go:215 +0x2d

goroutine 1 [chan receive]:
testing.(*T).Run(0xc000003a40, {0x7ff6a69902ff?, 0x7ffbc8243fb0?}, 0x7ff6a6999328)
	C:/Program Files/Go/src/testing/testing.go:2005 +0x469
testing.runTests.func1(0xc000003a40)
	C:/Program Files/Go/src/testing/testing.go:2477 +0x37
testing.tRunner(0xc000003a40, 0xc000141c70)
	C:/Program Files/Go/src/testing/testing.go:1934 +0xc3
testing.runTests(0xc000008180, {0x7ff6a6c1ffe0, 0x34, 0x34}, {0x7?, 0xc00005abc0?, 0x7ff6a6c262e0?})
	C:/Program Files/Go/src/testing/testing.go:2475 +0x4b4
testing.(*M).Run(0xc000060aa0)
	C:/Program Files/Go/src/testing/testing.go:2337 +0x63a
main.main()
	_testmain.go:147 +0x9b

goroutine 215 [chan receive]:
testing.(*T).Run(0xc0003a2380, {0x7ff6a69783f3?, 0x7ff6a66a28a0?}, 0xc000398220)
	C:/Program Files/Go/src/testing/testing.go:2005 +0x469
github.com/cntryl/cntryl-go/test/fixture.RunWithBothTransports(0xc0003a2380, 0x7ff6a6999590)
	D:/repos/cntryl/cntryl-go/test/fixture/transport.go:21 +0x85
github.com/cntryl/cntryl-go/test.TestShouldRollbackChangesGivenActiveTransactionWhenRollbackCalled(0xc0003a2380?)
	D:/repos/cntryl/cntryl-go/test/kv_test.go:313 +0x1a
testing.tRunner(0xc0003a2380, 0x7ff6a6999328)
	C:/Program Files/Go/src/testing/testing.go:1934 +0xc3
created by testing.(*T).Run in goroutine 1
	C:/Program Files/Go/src/testing/testing.go:1997 +0x44b

goroutine 216 [select]:
github.com/cntryl/cntryl-go/internal/domains/kv.(*transaction).Get(0xc0002fc2a0, {0x7ff6a69fa810, 0xc00039c380}, {0xc000180d90, 0x9, 0x9})
	D:/repos/cntryl/cntryl-go/internal/domains/kv/transaction.go:94 +0x627
github.com/cntryl/cntryl-go/test.TestShouldRollbackChangesGivenActiveTransactionWhenRollbackCalled.func1(0xc0003a2540, {0x7ff6a69783f3?, 0x31ed02a20f?})
	D:/repos/cntryl/cntryl-go/test/kv_test.go:339 +0x3fa
github.com/cntryl/cntryl-go/test/fixture.RunWithBothTransports.func1(0xc0003a2540?)
	D:/repos/cntryl/cntryl-go/test/fixture/transport.go:24 +0x1f
testing.tRunner(0xc0003a2540, 0xc000398220)
	C:/Program Files/Go/src/testing/testing.go:1934 +0xc3
created by testing.(*T).Run in goroutine 215
	C:/Program Files/Go/src/testing/testing.go:1997 +0x44b

goroutine 191 [select]:
github.com/cntryl/cntryl-go/internal/domains/notice.(*client).startRecv.func1.1()
	D:/repos/cntryl/cntryl-go/internal/domains/notice/notice.go:212 +0xde
created by github.com/cntryl/cntryl-go/internal/domains/notice.(*client).startRecv.func1 in goroutine 216
	D:/repos/cntryl/cntryl-go/internal/domains/notice/notice.go:210 +0x56

goroutine 192 [select]:
github.com/cntryl/cntryl-go/internal/domains/rpc.(*client).startRecv.func1()
	D:/repos/cntryl/cntryl-go/internal/domains/rpc/rpc.go:167 +0xbf
created by github.com/cntryl/cntryl-go/internal/domains/rpc.(*client).startRecv in goroutine 216
	D:/repos/cntryl/cntryl-go/internal/domains/rpc/rpc.go:165 +0x4f

goroutine 220 [IO wait]:
internal/poll.runtime_pollWait(0x1955b903a00, 0x72)
	C:/Program Files/Go/src/runtime/netpoll.go:351 +0x85
internal/poll.(*pollDesc).wait(0x290?, 0x7ff6a662c826?, 0x0)
	C:/Program Files/Go/src/internal/poll/fd_poll_runtime.go:84 +0x27
internal/poll.waitIO(0x7ff6a6999f38?)
	C:/Program Files/Go/src/internal/poll/fd_windows.go:187 +0x65
internal/poll.execIO(0xc0003d6020, 0x7ff6a6999bc8)
	C:/Program Files/Go/src/internal/poll/fd_windows.go:240 +0x13a
internal/poll.(*FD).Read(0xc0003d6008, {0xc0003b7000, 0x1000, 0x1000})
	C:/Program Files/Go/src/internal/poll/fd_windows.go:537 +0x1ee
net.(*netFD).Read(0xc0003d6008, {0xc0003b7000?, 0x70?, 0xc000080008?})
	C:/Program Files/Go/src/net/fd_posix.go:68 +0x25
net.(*conn).Read(0xc00038a030, {0xc0003b7000?, 0xc000347e60?, 0xc000347e58?})
	C:/Program Files/Go/src/net/net.go:196 +0x45
bufio.(*Reader).Read(0xc000388240, {0xc000092798, 0x4, 0x7ff6a6637005?})
	C:/Program Files/Go/src/bufio/bufio.go:245 +0x197
io.ReadAtLeast({0x7ff6a69f8ae0, 0xc000388240}, {0xc000092798, 0x4, 0x4}, 0x4)
	C:/Program Files/Go/src/io/io.go:335 +0x8e
io.ReadFull(...)
	C:/Program Files/Go/src/io/io.go:354
github.com/cntryl/cntryl-go/internal/core/transport.(*TCPFramer).ReadFrame(0xc0003c0138)
	D:/repos/cntryl/cntryl-go/internal/core/transport/mux.go:77 +0x4d
github.com/cntryl/cntryl-go/internal/core/transport.(*Mux).readLoop(0xc00039e480)
	D:/repos/cntryl/cntryl-go/internal/core/transport/mux.go:273 +0xa2
created by github.com/cntryl/cntryl-go/internal/core/transport.(*Mux).Start.func1 in goroutine 216
	D:/repos/cntryl/cntryl-go/internal/core/transport/mux.go:210 +0x58

goroutine 221 [select]:
github.com/cntryl/cntryl-go/internal/core/transport.(*Mux).writeLoop(0xc00039e480)
	D:/repos/cntryl/cntryl-go/internal/core/transport/mux.go:300 +0xbe
created by github.com/cntryl/cntryl-go/internal/core/transport.(*Mux).Start.func1 in goroutine 216
	D:/repos/cntryl/cntryl-go/internal/core/transport/mux.go:211 +0x96

goroutine 222 [chan receive]:
github.com/cntryl/cntryl-go/internal/core/client.(*Client).Connect.func1()
	D:/repos/cntryl/cntryl-go/internal/core/client/client.go:193 +0x88
created by github.com/cntryl/cntryl-go/internal/core/client.(*Client).Connect in goroutine 216
	D:/repos/cntryl/cntryl-go/internal/core/client/client.go:183 +0x6d9
FAIL	github.com/cntryl/cntryl-go/test	120.604s
?   	github.com/cntryl/cntryl-go/test/fixture	[no test files]
FAIL
